[www.melaniedaveid.com/index.html]
[static.parastorage.com/unpkg/core-js-bundle@3.2.1/minified.js]
[static.parastorage.com/unpkg/focus-within-polyfill@5.0.9/dist/focus-within-polyfill.js]
[polyfill-fastly.io/v3/polyfill.mind82c.js]
[www.melaniedaveid.com/location.3.delayed]
[backblue.gif]
[fade.gif]
[index.html]
[www.melaniedaveid.com/blog-feed.xml]
[static.wixstatic.com/media/30d9fa_f3aa840040244c9085b433e105c063a1_mv2.png/v1/fill/w_49,h_29,al_c,q_85,usm_0.66_1.00_0.01,blur_2,enc_auto/bg-pixels.png]
[static.wixstatic.com/media/30d9fa_dc1c945c1c9a45c4a5b1d0baa68a5281_mv2.png/v1/fill/w_49,h_69,al_c,q_85,usm_0.66_1.00_0.01,blur_2,e/30d9fa_dc1c945c1c9a45c4a5b1d0baa68a5281_mv2.6.dela]
[static.wixstatic.com/media/30d9fa_35b9ab38abbc43399599d0f8d01f344df000.jpg/v1/fill/w_100,h_56,al_c,q_80,usm_0.66_1.00_0.01,blur_3,/30d9fa_35b9ab38abbc43399599d0f8d01f344df000.7.dela]
[static.wixstatic.com/media/30d9fa_e001594f68de4c159f9a199bd964a192_mv2.png/v1/fill/w_100,h_71,al_c,q_85,usm_0.66_1.00_0.01,blur_3,/30d9fa_e001594f68de4c159f9a199bd964a192_mv2.5.dela]
[static.wixstatic.com/media/30d9fa_203d8520fac648429c7c647c094510af_mv2.png/v1/fill/w_49,h_69,al_c,q_85,usm_0.66_1.00_0.01,blur_2,enc_auto/bento-letters-o.png]
[static.wixstatic.com/media/30d9fa_07966d04fcaa4f73a5d65f8b2fe14b2f_mv2.jpg/v1/fill/w_147,h_72,al_c,q_80,usm_0.66_1.00_0.01,blur_2,enc_auto/future-ai-me-b.jpg]
[static.wixstatic.com/media/30d9fa_0485d9a98c7e443ebc64de47bc4d9a96f000.jpg/v1/fill/w_160,h_90,al_c,q_80,usm_0.66_1.00_0.01,blur_3,/30d9fa_0485d9a98c7e443ebc64de47bc4d9a96f000.a.dela]
[static.wixstatic.com/media/30d9fa_e0aeb3f177fe4a69a1aeebefd44d129e_mv2.jpg/v1/fill/w_147,h_72,al_c,q_80,usm_0.66_1.00_0.01,blur_2,enc_auto/future-ai-me-a1.jpg]
[static.wixstatic.com/media/30d9fa_f3aa840040244c9085b433e105c063a1_mv2.png/v1/crop/x_72,y_0,w_1291,h_860/fill/w_44,h_29,al_c,q_85,usm_0.66_1.00_0.01,blur_2,enc_auto/bg-pixels.png]
[static.wixstatic.com/media/30d9fa_21ecf81bb3c24b23b2c4baa7fb315409f000.jpg/v1/fill/w_51,h_90,al_c,q_80,usm_0.66_1.00_0.01,blur_3,e/30d9fa_21ecf81bb3c24b23b2c4baa7fb315409f000.d.dela]
[static.wixstatic.com/media/30d9fa_e001594f68de4c159f9a199bd964a192_mv2.png/v1/fill/w_127,h_90,al_c,q_85,usm_0.66_1.00_0.01,blur_3,/30d9fa_e001594f68de4c159f9a199bd964a192_mv2.e.dela]
[static.wixstatic.com/media/30d9fa_f3aa840040244c9085b433e105c063a1_mv2.png/v1/crop/x_75,y_0,w_1291,h_860/fill/w_44,h_29,al_c,q_85,usm_0.66_1.00_0.01,blur_2,enc_auto/bg-pixels.png]
[static.wixstatic.com/media/30d9fa_729d99869d144e7e9c683d64d7be9192f000.jpg/v1/fill/w_51,h_90,al_c,q_80,usm_0.66_1.00_0.01,blur_3,e/30d9fa_729d99869d144e7e9c683d64d7be9192f000.10.del]
[static.wixstatic.com/media/30d9fa_cf8c9e17685041daad1fcb5c75597bdb_mv2.png/v1/fill/w_103,h_125,al_c,q_85,usm_0.66_1.00_0.01,blur_2,enc_auto/Asset 14.png]
[static.wixstatic.com/media/30d9fa_3e112b0a81bc452ebb205da0fa84acb9_mv2.png/v1/crop/x_573,y_9,w_935,h_1061/fill/w_24,h_28,al_c,q_85,usm_0.66_1.00_0.01,blur_2,enc_auto/sentient.png]
[static.wixstatic.com/media/30d9fa_ebe143180701496b9a430ab640f54af4_mv2.png/v1/crop/x_0,y_9,w_373,h_464/fill/w_96,h_119,al_c,q_85,usm_0.66_1.00_0.01,blur_2,enc_auto/Asset 13.png]
[static.wixstatic.com/media/30d9fa_7d8ffc8ecbd342faa9efdc14fdbe1d47f000.jpg/v1/fill/w_74,h_90,al_c,q_80,usm_0.66_1.00_0.01,blur_3,e/30d9fa_7d8ffc8ecbd342faa9efdc14fdbe1d47f000.14.del]
[static.wixstatic.com/media/30d9fa_81e6c8f5fca44d8caed44718d3b82e59_mv2.png/v1/fill/w_49,h_33,al_c,q_85,usm_0.66_1.00_0.01,blur_2,enc_auto/45_2023_03_23___ADOBE OFFF.png]
[static.wixstatic.com/media/30d9fa_3e01a94d726c45edb84354954d7d4745_mv2.png/v1/fill/w_87,h_62,al_c,q_85,usm_0.66_1.00_0.01,blur_2,enc_auto/soho-poster_edited_edited.png]
[static.wixstatic.com/media/30d9fa_f154debe6bf84b79bde2d51802b81157_mv2.png/v1/crop/x_243,y_250,w_1014,h_1009/fill/w_48,h_48,al_c,q_85,usm_0.66_1.00_0.01,blur/daveid-all-the-love.19]
[static.wixstatic.com/media/30d9fa_9c9f6aa6f8924363aaa115d1960233a8_mv2.jpg/v1/crop/x_371,y_618,w_637,h_827/fill/w_147,h_191,al_c,q_80,usm_0.66_1.00_0.01,blur/kneipp-stamp_edited.18]
[static.wixstatic.com/media/30d9fa_dc1c945c1c9a45c4a5b1d0baa68a5281_mv2.png/v1/crop/x_25,y_1157,w_5856,h_5953/fill/w_49,h_50,al_c,q_85,usm_0.66_1.00_0.01,blur/30d9fa_dc1c945c1c9a45c4]
[browser.sentry-cdn.com/6.18.2/bundle.min.js]
[www.melaniedaveid.com/sitemap.xml]
[www.melaniedaveid.com/blank.html]
[www.melaniedaveid.com/feed.1e.delayed]
[www.melaniedaveid.com/${n.1f.delayed]
[static.parastorage.com/services/wix-thunderbolt/dist/thunderbolt-commons.8e38bc77.bundle.min.js]
[static.parastorage.com/services/wix-thunderbolt/dist/main.36b6e602.bundle.min.js]
[static.parastorage.com/services/wix-thunderbolt/dist/main.renderer.1d21f023.bundle.min.js]
[static.parastorage.com/unpkg/lodash@4.17.21/lodash.min.js]
[static.parastorage.com/unpkg/react@18.3.1/umd/react.production.min.js]
[static.parastorage.com/unpkg/react-dom@18.3.1/umd/react-dom.production.min.js]
[www.melaniedaveid.com/decodeURIComponent(e.26.delayed]
[static.parastorage.com/services/tag-manager-client/1.859.0/siteTags.bundle.min.js]
[www.melaniedaveid.com/index.html]
[www.melaniedaveid.com/location.html]
[www.melaniedaveid.com/blank.html]
[www.melaniedaveid.com/feed.html]
[www.melaniedaveid.com/${n.html]
[www.melaniedaveid.com/decodeURIComponent(e.html]
[static.parastorage.com/services/wix-perf-measure/1.1095.0/wix-perf-measure.umd.min.js]
